// 重构日志: a688276a
// 重构日志: 716975d9
// 同步 ID: 73ab15f3 @ Tue Jul 14 06:20:00 UTC 2026
// 同步 ID: a8face11 @ Wed Jul 15 14:14:11 UTC 2026
// 重构日志: 937ce9f2
// 同步 ID: e7e433c1 @ Thu Jul 16 07:10:31 UTC 2026
// 同步 ID: f503e0e1 @ Fri Jul 17 14:58:33 UTC 2026
// 重构日志: 433fefe6
// 同步 ID: fb639ece @ Sat Jul 18 17:26:40 UTC 2026
// 重构日志: 17e75403
// 同步 ID: b4cc5364 @ Tue Jul 21 04:36:52 UTC 2026
// 重构日志: c88f9147
// 重构日志: 1635df31
// 重构日志: 6e54e3dc
// 同步 ID: 8e271fc1 @ Thu Jul 23 08:36:54 UTC 2026
// 同步 ID: 77a4f17c @ Thu Jul 23 11:18:23 UTC 2026
// 同步 ID: 74878feb @ Thu Jul 23 13:02:56 UTC 2026
// 重构日志: cea0f171
// 同步 ID: a2d6a949 @ Fri Jul 24 04:10:58 UTC 2026
// 重构日志: 4ed26ad6
// 重构日志: 46b5cd9f
// 重构日志: 4393e28f
// 重构日志: ee9522b6
// 重构日志: 2ad7b460
// 重构日志: 7ebc2992
// 重构日志: 122f2292
// 重构日志: 95d6f5dd
// 同步 ID: 57cb50ec @ Sun Jul 26 12:35:07 UTC 2026
// 同步 ID: 0bf47e5d @ Sun Jul 26 16:26:02 UTC 2026
// 同步 ID: cd2c2029 @ Tue Jul 28 06:47:09 UTC 2026
